=== INICI DAILY SCRAPER (UTC): 2026-10-09 09:42:21 ===
2026-10-09 09:42:21 - ============================================================
2026-10-09 09:42:21 - 🌤️  DAILY WEATHER SCRAPER - VERSIÓ UTC
2026-10-09 09:42:21 - ============================================================
2026-10-09 09:42:21 - 
==================================================
2026-10-09 09:42:21 - 📡 Processant: Fornells de la Selva [UO]
2026-10-09 09:42:21 - 
🌐 Connectant a Fornells de la Selva...
2026-10-09 09:42:24 - 📊 Total files trobades a la taula: 20
2026-10-09 09:42:24 -    ✅ Període UTC: 00:00 - 00:30 | TX: 8.7 | TN: 8.5 | Pluja: 0.0
2026-10-09 09:42:24 -    ✅ Període UTC: 00:30 - 01:00 | TX: 8.4 | TN: 8.1 | Pluja: 0.1
2026-10-09 09:42:24 -    ✅ Període UTC: 01:00 - 01:30 | TX: 8.2 | TN: 7.8 | Pluja: 0.0
2026-10-09 09:42:24 -    ✅ Període UTC: 01:30 - 02:00 | TX: 7.8 | TN: 7.6 | Pluja: 0.0
2026-10-09 09:42:24 -    ✅ Període UTC: 02:00 - 02:30 | TX: 7.6 | TN: 7.0 | Pluja: 0.0
2026-10-09 09:42:24 -    ✅ Període UTC: 02:30 - 03:00 | TX: 7.0 | TN: 6.8 | Pluja: 0.0
2026-10-09 09:42:24 -    ✅ Període UTC: 03:00 - 03:30 | TX: 7.1 | TN: 7.0 | Pluja: 0.0
2026-10-09 09:42:24 -    ✅ Període UTC: 03:30 - 04:00 | TX: 7.1 | TN: 6.9 | Pluja: 0.0
2026-10-09 09:42:24 -    ✅ Període UTC: 04:00 - 04:30 | TX: 7.3 | TN: 7.0 | Pluja: 0.0
2026-10-09 09:42:24 -    ✅ Període UTC: 04:30 - 05:00 | TX: 7.3 | TN: 6.8 | Pluja: 0.0
2026-10-09 09:42:24 -    ✅ Període UTC: 05:00 - 05:30 | TX: 7.8 | TN: 6.8 | Pluja: 0.1
2026-10-09 09:42:24 -    ✅ Període UTC: 05:30 - 06:00 | TX: 7.8 | TN: 7.4 | Pluja: 0.0
2026-10-09 09:42:24 -    ✅ Període UTC: 06:00 - 06:30 | TX: 7.4 | TN: 6.5 | Pluja: 0.0
2026-10-09 09:42:24 -    ✅ Període UTC: 06:30 - 07:00 | TX: 7.4 | TN: 6.5 | Pluja: 0.0
2026-10-09 09:42:24 -    ✅ Període UTC: 07:00 - 07:30 | TX: 7.9 | TN: 7.3 | Pluja: 0.0
2026-10-09 09:42:24 -    ✅ Període UTC: 07:30 - 08:00 | TX: 9.2 | TN: 8.0 | Pluja: 0.0
2026-10-09 09:42:24 -    ✅ Període UTC: 08:00 - 08:30 | TX: 10.5 | TN: 9.3 | Pluja: 0.0
2026-10-09 09:42:24 -    ✅ Període UTC: 08:30 - 09:00 | TX: 12.2 | TN: 10.5 | Pluja: 0.0
2026-10-09 09:42:24 -    ✅ Període UTC: 09:00 - 09:30 | TX: 13.7 | TN: 11.6 | Pluja: 0.0
2026-10-09 09:42:24 - 📈 Total períodes vàlids trobats: 19
2026-10-09 09:42:24 - 📊 RESUM CALCULAT:
2026-10-09 09:42:24 -    • Màxima del dia: 13.7°C
2026-10-09 09:42:24 -    • Mínima del dia: 6.5°C
2026-10-09 09:42:24 -    • Pluja acumulada: 0.2mm
2026-10-09 09:42:24 -    • Últim període: 09:00 - 09:30 UTC
2026-10-09 09:42:24 -    • Hora actualització: 09:42
2026-10-09 09:42:24 - 💾 Dades guardades a data/UO_20261009.csv (19 registres)
2026-10-09 09:42:24 - ✅ Fornells de la Selva: 19 períodes processats
2026-10-09 09:42:24 - 
==================================================
2026-10-09 09:42:24 - 📡 Processant: Girona [XJ]
2026-10-09 09:42:24 - 
🌐 Connectant a Girona...
2026-10-09 09:42:26 - 📊 Total files trobades a la taula: 20
2026-10-09 09:42:26 -    ✅ Període UTC: 00:00 - 00:30 | TX: 8.0 | TN: 7.3 | Pluja: 0.0
2026-10-09 09:42:26 -    ✅ Període UTC: 00:30 - 01:00 | TX: 8.2 | TN: 7.2 | Pluja: 0.0
2026-10-09 09:42:26 -    ✅ Període UTC: 01:00 - 01:30 | TX: 8.3 | TN: 7.5 | Pluja: 0.0
2026-10-09 09:42:26 -    ✅ Període UTC: 01:30 - 02:00 | TX: 7.8 | TN: 7.1 | Pluja: 0.0
2026-10-09 09:42:26 -    ✅ Període UTC: 02:00 - 02:30 | TX: 8.2 | TN: 7.8 | Pluja: 0.0
2026-10-09 09:42:26 -    ✅ Període UTC: 02:30 - 03:00 | TX: 8.4 | TN: 8.1 | Pluja: 0.0
2026-10-09 09:42:26 -    ✅ Període UTC: 03:00 - 03:30 | TX: 8.7 | TN: 8.3 | Pluja: 0.0
2026-10-09 09:42:26 -    ✅ Període UTC: 03:30 - 04:00 | TX: 8.7 | TN: 8.6 | Pluja: 0.1
2026-10-09 09:42:26 -    ✅ Període UTC: 04:00 - 04:30 | TX: 8.6 | TN: 8.4 | Pluja: 0.0
2026-10-09 09:42:26 -    ✅ Període UTC: 04:30 - 05:00 | TX: 8.4 | TN: 7.9 | Pluja: 0.0
2026-10-09 09:42:26 -    ✅ Període UTC: 05:00 - 05:30 | TX: 7.9 | TN: 7.1 | Pluja: 0.0
2026-10-09 09:42:26 -    ✅ Període UTC: 05:30 - 06:00 | TX: 7.1 | TN: 6.5 | Pluja: 0.0
2026-10-09 09:42:26 -    ✅ Període UTC: 06:00 - 06:30 | TX: 6.7 | TN: 6.1 | Pluja: 0.0
2026-10-09 09:42:26 -    ✅ Període UTC: 06:30 - 07:00 | TX: 8.4 | TN: 6.9 | Pluja: 0.0
2026-10-09 09:42:26 -    ✅ Període UTC: 07:00 - 07:30 | TX: 9.9 | TN: 8.3 | Pluja: 0.0
2026-10-09 09:42:26 -    ✅ Període UTC: 07:30 - 08:00 | TX: 10.6 | TN: 9.5 | Pluja: 0.0
2026-10-09 09:42:26 -    ✅ Període UTC: 08:00 - 08:30 | TX: 11.5 | TN: 10.6 | Pluja: 0.0
2026-10-09 09:42:26 -    ✅ Període UTC: 08:30 - 09:00 | TX: 12.7 | TN: 11.5 | Pluja: 0.0
2026-10-09 09:42:26 -    ✅ Període UTC: 09:00 - 09:30 | TX: 14.8 | TN: 12.7 | Pluja: 0.0
2026-10-09 09:42:26 - 📈 Total períodes vàlids trobats: 19
2026-10-09 09:42:26 - 📊 RESUM CALCULAT:
2026-10-09 09:42:26 -    • Màxima del dia: 14.8°C
2026-10-09 09:42:26 -    • Mínima del dia: 6.1°C
2026-10-09 09:42:26 -    • Pluja acumulada: 0.1mm
2026-10-09 09:42:26 -    • Últim període: 09:00 - 09:30 UTC
2026-10-09 09:42:26 -    • Hora actualització: 09:42
2026-10-09 09:42:26 - 💾 Dades guardades a data/XJ_20261009.csv (19 registres)
2026-10-09 09:42:26 - ✅ Girona: 19 períodes processats
2026-10-09 09:42:26 - 💾 Dades guardades a data/weather_daily_20261009.json
2026-10-09 09:42:26 - 💾 Dades guardades a data/weather_summary.json
2026-10-09 09:42:26 - 
============================================================
2026-10-09 09:42:26 - 📋 RESUM FINAL DEL DIA (UTC)
2026-10-09 09:42:26 - ============================================================
2026-10-09 09:42:26 - 
📍 Fornells de la Selva:
2026-10-09 09:42:26 -    • Períodes: 19
2026-10-09 09:42:26 -    • Màxima: 13.7°C
2026-10-09 09:42:26 -    • Mínima: 6.5°C
2026-10-09 09:42:26 -    • Pluja: 0.2mm
2026-10-09 09:42:26 -    • Últim període: 09:00 - 09:30 UTC
2026-10-09 09:42:26 -    • Actualització: 09:42
2026-10-09 09:42:26 - 
📍 Girona:
2026-10-09 09:42:26 -    • Períodes: 19
2026-10-09 09:42:26 -    • Màxima: 14.8°C
2026-10-09 09:42:26 -    • Mínima: 6.1°C
2026-10-09 09:42:26 -    • Pluja: 0.1mm
2026-10-09 09:42:26 -    • Últim període: 09:00 - 09:30 UTC
2026-10-09 09:42:26 -    • Actualització: 09:42
2026-10-09 09:42:26 - 
💾 Fitxers generats:
2026-10-09 09:42:26 -    • data/weather_summary.json (per HTML)
2026-10-09 09:42:26 -    • data/weather_daily_YYYYMMDD.json (complet)
2026-10-09 09:42:26 -    • data/XX_YYYYMMDD.csv (per estació)
2026-10-09 09:42:26 - 
✅ PROCÉS COMPLETAT
2026-10-09 09:42:26 - ============================================================
