=== INICI: 2026-10-01 09:12:25 UTC ===

🚀 GENERADOR RSS METEOCAT - DEFINITIU
============================================================
📚 Dades guardades: []

============================================================
📡 Processant: Girona [XJ]
🌐 Connectant a Girona...
📊 19 files trobades
📋 Columnes detectades (11):
   [0] PeríodeTU
   [1] TM°C
   [2] TX°C
   [3] TN°C
   [4] HRM%
   [5] PPTmm
   [6] VVM (10 m)km/h
   [7] DVM (10 m)graus
   [8] VVX (10 m)km/h
   [9] PMhPa
   [10] RSW/m2
🔍 Mapeig de columnes: {'periode': 0, 'tm': 1, 'tx': 2, 'tn': 3, 'hr': 4, 'ppt': 5, 'vvm': 6, 'dvm': 7, 'vvx': 8, 'pm': 9, 'rs': 10}
✅ Dades RECENTS trobades: 08:30 - 09:00
📊 Dades extretes:
   • tm: 23.2
   • tx: 24.1
   • tn: 22.6
   • hr: 67.0
   • ppt: 0.1
   • vvm: 8.6
   • dvm: 16.0
   • vvx: 23.0
   • pm: 1022.9
   • rs: 458.0
✅ Girona actualitzada

============================================================
📡 Processant: Fornells de la Selva [UO]
🌐 Connectant a Fornells de la Selva...
📊 19 files trobades
📋 Columnes detectades (6):
   [0] PeríodeTU
   [1] TM°C
   [2] TX°C
   [3] TN°C
   [4] HRM%
   [5] PPTmm
🔍 Mapeig de columnes: {'periode': 0, 'tm': 1, 'tx': 2, 'tn': 3, 'hr': 4, 'ppt': 5}
✅ Dades RECENTS trobades: 08:30 - 09:00
📊 Dades extretes:
   • tm: 22.9
   • tx: 23.4
   • tn: 22.5
   • hr: 71.0
   • ppt: 0.0
✅ Fornells de la Selva actualitzada
✅ Afegida al RSS: Girona
✅ Afegida al RSS: Fornells de la Selva

📊 Entrades RSS generades: 2
